Microchip MPLAB XC8 Compiler V2.32

Linker command line:

--edf=C:\Program Files\Microchip\xc8\v2.32\pic\dat\en_msgs.txt -cn \
  -h+dist/default/production\Thermometer.X.production.sym \
  --cmf=dist/default/production\Thermometer.X.production.cmf -z -Q16F877A \
  -oC:\Users\Owner\AppData\Local\Temp\xcAsf8o.4 --defsym=__MPLAB_BUILD=1 \
  -Mdist/default/production/Thermometer.X.production.map -E1 \
  -ver=XC8 Compiler --acfsm=1493 -ASTACK=0110h-016Fh -pstack=STACK \
  -ACODE=00h-07FFhx4 -ASTRCODE=00h-01FFFh -ASTRING=00h-0FFhx32 \
  -ACONST=00h-0FFhx32 -AENTRY=00h-0FFhx32 -ACOMMON=070h-07Fh \
  -ABANK0=020h-06Fh -ABANK1=0A0h-0EFh -ABANK2=0110h-016Fh \
  -ABANK3=0190h-01EFh -ARAM=020h-06Fh,0A0h-0EFh,0110h-016Fh,0190h-01EFh \
  -AABS1=020h-07Fh,0A0h-0EFh,0110h-016Fh,0190h-01EFh -ASFR0=00h-01Fh \
  -ASFR1=080h-09Fh -ASFR2=0100h-010Fh -ASFR3=0180h-018Fh \
  -ACONFIG=02007h-02007h -DCONFIG=2 -AIDLOC=02000h-02003h -DIDLOC=2 \
  -AEEDATA=00h-0FFh/02100h -peeprom_data=EEDATA -DEEDATA=2 -DCODE=2 \
  -DSTRCODE=2 -DSTRING=2 -DCONST=2 -DENTRY=2 \
  -preset_vec=00h,intentry,init,end_init -ppowerup=CODE -pcinit=CODE \
  -pfunctab=ENTRY -k C:\Users\Owner\AppData\Local\Temp\xcAsf8o.o \
  dist/default/production\Thermometer.X.production.o 

Object code version is 3.11

Machine type is 16F877A



                Name                               Link     Load   Length Selector   Space Scale
C:\Users\Owner\AppData\Local\Temp\xcAsf8o.o
                end_init                              0        0        3        0       0
                config                             2007     2007        1        0       4
                idloc                              2000     2000        4        0       5
dist/default/production\Thermometer.X.production.o
                cinit                               7E9      7E9       17      FD2       0
                config                             2007     2007        1        0       4
                idloc                              2000     2000        4        0       5
                text17                              C61      C61       12     18C2       0
                text16                              DB3      DB3       57     1B66       0
                text15                              D66      D66       4D     1ACC       0
                text14                              CAD      CAD       35     195A       0
                text13                              E63      E63       64     1CC6       0
                text12                              F2C      F2C       67     1E58       0
                text11                              E0A      E0A       59     1C14       0
                text10                              147      147       AA      28E       0
                text9                               F93      F93       6D     1F26       0
                text8                                 5        5       29        A       0
                text7                               2AB      2AB      1DD      556       0
                text6                               C86      C86       27     190C       0
                text5                               488      488      361      910       0
                text4                               D22      D22       44     1A44       0
                text3                               1F1      1F1       BA      3E2       0
                text2                                A8       A8       9F      150       0
                text1                                2E       2E       7A       5C       0
                maintext                            EC7      EC7       65     1D8E       0
                cstackBANK0                          20       20       46       20       1
                cstackCOMMON                         70       70        E       70       1
                inittext                            C73      C73       13     18E6       0
                dataBANK1                            A0       A0       40       A0       1
                bssBANK0                             66       66        5       20       1
                strings                             800      800       16     1000       0
                idataBANK1                          CE2      CE2       40     19C4       0

TOTAL           Name                               Link     Load   Length     Space
        CLASS   STACK          

        CLASS   CODE           
                end_init                              0        0        3         0
                cinit                               7E9      7E9       17         0
                text17                              C61      C61       12         0
                text16                              DB3      DB3       57         0
                text15                              D66      D66       4D         0
                text14                              CAD      CAD       35         0
                text13                              E63      E63       64         0
                text12                              F2C      F2C       67         0
                text11                              E0A      E0A       59         0
                text10                              147      147       AA         0
                text9                               F93      F93       6D         0
                text8                                 5        5       29         0
                text7                               2AB      2AB      1DD         0
                text6                               C86      C86       27         0
                text5                               488      488      361         0
                text4                               D22      D22       44         0
                text3                               1F1      1F1       BA         0
                text2                                A8       A8       9F         0
                text1                                2E       2E       7A         0
                maintext                            EC7      EC7       65         0
                inittext                            C73      C73       13         0
                idataBANK1                          CE2      CE2       40         0

        CLASS   STRCODE        

        CLASS   STRING         
                strings                             800      800       16         0

        CLASS   CONST          

        CLASS   ENTRY          

        CLASS   COMMON         
                cstackCOMMON                         70       70        E         1

        CLASS   BANK0          
                cstackBANK0                          20       20       46         1
                bssBANK0                             66       66        5         1

        CLASS   BANK1          
                dataBANK1                            A0       A0       40         1

        CLASS   BANK2          

        CLASS   BANK3          

        CLASS   RAM            

        CLASS   ABS1           
                abs_s1                               7E       7E        2         1

        CLASS   SFR0           

        CLASS   SFR1           

        CLASS   SFR2           

        CLASS   SFR3           

        CLASS   CONFIG         
                config                             2007     2007        1         4

        CLASS   IDLOC          
                idloc                              2000     2000        4         5

        CLASS   EEDATA         



SEGMENTS        Name                           Load    Length   Top    Selector   Space  Class     Delta

                reset_vec                      000000  000003  000003         0       0  CODE        2
                text8                          000005  000029  00002E         A       0  CODE        2
                cstackBANK0                    000020  00004B  00006B        20       1  BANK0       1
                text1                          00002E  00007A  0000A8        5C       0  CODE        2
                cstackCOMMON                   000070  00000E  00007E        70       1  COMMON      1
                dataBANK1                      0000A0  000040  0000E0        A0       1  BANK1       1
                text2                          0000A8  00009F  000147       150       0  CODE        2
                text10                         000147  0000AA  0001F1       28E       0  CODE        2
                text3                          0001F1  0000BA  0002AB       3E2       0  CODE        2
                text7                          0002AB  0001DD  000488       556       0  CODE        2
                text5                          000488  000361  0007E9       910       0  CODE        2
                cinit                          0007E9  000017  000800       FD2       0  CODE        2
                strings                        000800  000016  000816      1000       0  STRING      2
                text17                         000C61  000012  000C73      18C2       0  CODE        2
                inittext                       000C73  000013  000C86      18E6       0  CODE        2
                text6                          000C86  000027  000CAD      190C       0  CODE        2
                text14                         000CAD  000035  000CE2      195A       0  CODE        2
                idataBANK1                     000CE2  000040  000D22      19C4       0  CODE        2
                text4                          000D22  000044  000D66      1A44       0  CODE        2
                text15                         000D66  00004D  000DB3      1ACC       0  CODE        2
                text16                         000DB3  000057  000E0A      1B66       0  CODE        2
                text11                         000E0A  000059  000E63      1C14       0  CODE        2
                text13                         000E63  000064  000EC7      1CC6       0  CODE        2
                maintext                       000EC7  000065  000F2C      1D8E       0  CODE        2
                text12                         000F2C  000067  000F93      1E58       0  CODE        2
                text9                          000F93  00006D  001000      1F26       0  CODE        2


UNUSED ADDRESS RANGES

        Name                Unused          Largest block    Delta
        BANK0            006B-006F              5           1
        BANK1            00E0-00EF             10           1
        BANK2            0110-016F             60           1
        BANK3            0190-01EF             60           1
        CODE             0003-0004              2           2
                         0816-0C60            44B
                         1000-1FFF            800
        CONST            0003-0004              2           2
                         0816-0C60            100
                         1000-1FFF            100
        EEDATA           2100-21FF            100           2
        ENTRY            0003-0004              2           2
                         0816-0C60            100
                         1000-1FFF            100
        RAM              006B-006F              5           1
                         00E0-00EF             10
                         0110-016F             60
                         0190-01EF             60
        SFR0             0000-001F             20           1
        SFR1             0080-009F             20           1
        SFR2             0100-010F             10           1
        SFR3             0180-018F             10           1
        STACK            0110-016F             60           1
        STRCODE          0003-0004              2           2
                         0816-0C60            44B
                         1000-1FFF           1000
        STRING           0003-0004              2           2
                         0816-0C60            100
                         1000-1FFF            100

                                  Symbol Table

?_LM35ReadTemp           cstackBANK0  0054
?_ReadADC                cstackCOMMON 0070
?__Umul8_16              cstackCOMMON 0070
?___awdiv                cstackCOMMON 0070
?___awmod                cstackCOMMON 0070
?___fldiv                cstackBANK0  0020
?___flmul                cstackBANK0  003A
?___fltol                cstackCOMMON 0070
?___lwdiv                cstackCOMMON 0070
?___xxtofl               cstackCOMMON 0070
LCDBusyLoop@busy         cstackCOMMON 0072
LCDBusyLoop@status       cstackCOMMON 0074
LCDBusyLoop@temp         cstackCOMMON 0073
LCDByte@c                cstackCOMMON 007A
LCDByte@hn               cstackCOMMON 0078
LCDByte@isdata           cstackCOMMON 0075
LCDByte@ln               cstackCOMMON 0079
LCDByte@temp             cstackCOMMON 007B
LCDGotoXY@x              cstackCOMMON 007D
LCDGotoXY@y              cstackCOMMON 007C
LCDInit@__i              cstackBANK0  0021
LCDInit@style            cstackBANK0  0020
LCDWriteInt@field_length cstackBANK0  0022
LCDWriteInt@i            cstackBANK0  002D
LCDWriteInt@j            cstackBANK0  002B
LCDWriteInt@str          cstackBANK0  0026
LCDWriteInt@val          cstackBANK0  0020
LCDWriteString@cc        cstackBANK0  0020
LCDWriteString@msg       cstackBANK0  0021
LM35ReadTemp@adc_value   cstackBANK0  005D
LM35ReadTemp@t           cstackBANK0  0059
ReadADC@ch               cstackCOMMON 0073
_ADCInit                 text17       0C61
_ADCON0bits              (abs)        001F
_ADCON1bits              (abs)        009F
_ADRESH                  (abs)        001E
_ADRESL                  (abs)        009E
_LCDBusyLoop             text16       0DB3
_LCDByte                 text15       0D66
_LCDGotoXY               text14       0CAD
_LCDInit                 text13       0E63
_LCDWriteInt             text10       0147
_LCDWriteString          text9        0F93
_LM35ReadTemp            text2        00A8
_PORTD                   (abs)        0008
_RB1                     (abs)        0031
_RB2                     (abs)        0032
_RD4                     (abs)        0044
_ReadADC                 text8        0005
_TRISBbits               (abs)        0086
_TRISD                   (abs)        0088
_TRISDbits               (abs)        0088
__Habs1                  abs1         0000
__Hbank0                 bank0        0000
__Hbank1                 bank1        0000
__Hbank2                 bank2        0000
__Hbank3                 bank3        0000
__HbssBANK0              bssBANK0     0000
__Hcinit                 cinit        0800
__Hclrtext               clrtext      0000
__Hcode                  code         0000
__Hcommon                common       0000
__Hconfig                config       2008
__HcstackBANK0           cstackBANK0  0000
__HcstackCOMMON          cstackCOMMON 0000
__HdataBANK1             dataBANK1    0000
__Heeprom_data           eeprom_data  0000
__Hend_init              end_init     0003
__Hfunctab               functab      0000
__HidataBANK1            idataBANK1   0000
__Hidloc                 idloc        2004
__Hinit                  init         0000
__Hinittext              inittext     0000
__Hintentry              intentry     0000
__Hmaintext              maintext     0000
__Hpowerup               powerup      0000
__Hram                   ram          0000
__Hreset_vec             reset_vec    0000
__Hsfr0                  sfr0         0000
__Hsfr1                  sfr1         0000
__Hsfr2                  sfr2         0000
__Hsfr3                  sfr3         0000
__Hspace_0               (abs)        1000
__Hspace_1               (abs)        00E0
__Hspace_2               (abs)        0000
__Hspace_3               (abs)        0000
__Hspace_4               (abs)        400F
__Hstack                 stack        0000
__Hstrings               strings      0000
__Htext                  text         0000
__Labs1                  abs1         0000
__Lbank0                 bank0        0000
__Lbank1                 bank1        0000
__Lbank2                 bank2        0000
__Lbank3                 bank3        0000
__LbssBANK0              bssBANK0     0000
__Lcinit                 cinit        07E9
__Lclrtext               clrtext      0000
__Lcode                  code         0000
__Lcommon                common       0000
__Lconfig                config       0000
__LcstackBANK0           cstackBANK0  0000
__LcstackCOMMON          cstackCOMMON 0000
__LdataBANK1             dataBANK1    0000
__Leeprom_data           eeprom_data  0000
__Lend_init              end_init     0000
__Lfunctab               functab      0000
__LidataBANK1            idataBANK1   0000
__Lidloc                 idloc        0000
__Linit                  init         0000
__Linittext              inittext     0000
__Lintentry              intentry     0000
__Lmaintext              maintext     0000
__Lpowerup               powerup      0000
__Lram                   ram          0000
__Lreset_vec             reset_vec    0000
__Lsfr0                  sfr0         0000
__Lsfr1                  sfr1         0000
__Lsfr2                  sfr2         0000
__Lsfr3                  sfr3         0000
__Lspace_0               (abs)        0000
__Lspace_1               (abs)        0000
__Lspace_2               (abs)        0000
__Lspace_3               (abs)        0000
__Lspace_4               (abs)        0000
__Lstack                 stack        0000
__Lstrings               strings      0000
__Ltext                  text         0000
__S0                     (abs)        1000
__S1                     (abs)        00E0
__S2                     (abs)        0000
__S3                     (abs)        0000
__Umul8_16               text6        0C86
__Umul8_16@multiplicand  cstackCOMMON 0070
__Umul8_16@multiplier    cstackCOMMON 0078
__Umul8_16@product       cstackCOMMON 0074
__Umul8_16@word_mpld     cstackCOMMON 0076
___awdiv                 text12       0F2C
___awdiv@counter         cstackCOMMON 0075
___awdiv@dividend        cstackCOMMON 0072
___awdiv@divisor         cstackCOMMON 0070
___awdiv@quotient        cstackCOMMON 0077
___awdiv@sign            cstackCOMMON 0076
___awmod                 text11       0E0A
___awmod@counter         cstackCOMMON 0075
___awmod@dividend        cstackCOMMON 0072
___awmod@divisor         cstackCOMMON 0070
___awmod@sign            cstackCOMMON 0076
___cgram                 dataBANK1    00A0
___fldiv                 text7        02AB
___fldiv@a               cstackBANK0  0020
___fldiv@aexp            cstackBANK0  0039
___fldiv@b               cstackBANK0  0024
___fldiv@bexp            cstackBANK0  0038
___fldiv@grs             cstackBANK0  0034
___fldiv@new_exp         cstackBANK0  0032
___fldiv@rem             cstackBANK0  002D
___fldiv@sign            cstackBANK0  0031
___flmul                 text5        0488
___flmul@a               cstackBANK0  003E
___flmul@aexp            cstackBANK0  004C
___flmul@b               cstackBANK0  003A
___flmul@bexp            cstackBANK0  004D
___flmul@grs             cstackBANK0  0048
___flmul@prod            cstackBANK0  004E
___flmul@sign            cstackBANK0  0047
___flmul@temp            cstackBANK0  0052
___fltol                 text1        002E
___fltol@exp1            cstackCOMMON 007A
___fltol@f1              cstackCOMMON 0070
___fltol@sign1           cstackCOMMON 0079
___int_sp                stack        0000
___latbits               (abs)        0002
___lwdiv                 text4        0D22
___lwdiv@counter         cstackCOMMON 0077
___lwdiv@dividend        cstackCOMMON 0072
___lwdiv@divisor         cstackCOMMON 0070
___lwdiv@quotient        cstackCOMMON 0075
___sp                    stack        0000
___stackhi               (abs)        0000
___stacklo               (abs)        0000
___xxtofl                text3        01F1
___xxtofl@arg            cstackCOMMON 007A
___xxtofl@exp            cstackCOMMON 0079
___xxtofl@sign           cstackCOMMON 0078
___xxtofl@val            cstackCOMMON 0070
__end_of_ADCInit         text17       0C73
__end_of_LCDBusyLoop     text16       0E0A
__end_of_LCDByte         text15       0DB3
__end_of_LCDGotoXY       text14       0CE2
__end_of_LCDInit         text13       0EC7
__end_of_LCDWriteInt     text10       01F1
__end_of_LCDWriteString  text9        1000
__end_of_LM35ReadTemp    text2        0147
__end_of_ReadADC         text8        002E
__end_of__Umul8_16       text6        0CAD
__end_of___awdiv         text12       0F93
__end_of___awmod         text11       0E63
__end_of___fldiv         text7        0488
__end_of___flmul         text5        07E9
__end_of___fltol         text1        00A8
__end_of___lwdiv         text4        0D66
__end_of___xxtofl        text3        02AB
__end_of__initialization cinit        07FC
__end_of__stringtab      strings      0806
__end_of_main            maintext     0F2C
__initialization         cinit        07E9
__pbssBANK0              bssBANK0     0066
__pcstackBANK0           cstackBANK0  0020
__pcstackCOMMON          cstackCOMMON 0070
__pdataBANK1             dataBANK1    00A0
__pidataBANK1            idataBANK1   0CE2
__pmaintext              maintext     0EC7
__pstrings               strings      0800
__ptext1                 text1        002E
__ptext10                text10       0147
__ptext11                text11       0E0A
__ptext12                text12       0F2C
__ptext13                text13       0E63
__ptext14                text14       0CAD
__ptext15                text15       0D66
__ptext16                text16       0DB3
__ptext17                text17       0C61
__ptext2                 text2        00A8
__ptext3                 text3        01F1
__ptext4                 text4        0D22
__ptext5                 text5        0488
__ptext6                 text6        0C86
__ptext7                 text7        02AB
__ptext8                 text8        0005
__ptext9                 text9        0F93
__size_of_ADCInit        (abs)        0000
__size_of_LCDBusyLoop    (abs)        0000
__size_of_LCDByte        (abs)        0000
__size_of_LCDGotoXY      (abs)        0000
__size_of_LCDInit        (abs)        0000
__size_of_LCDWriteInt    (abs)        0000
__size_of_LCDWriteString (abs)        0000
__size_of_LM35ReadTemp   (abs)        0000
__size_of_ReadADC        (abs)        0000
__size_of__Umul8_16      (abs)        0000
__size_of___awdiv        (abs)        0000
__size_of___awmod        (abs)        0000
__size_of___fldiv        (abs)        0000
__size_of___flmul        (abs)        0000
__size_of___fltol        (abs)        0000
__size_of___lwdiv        (abs)        0000
__size_of___xxtofl       (abs)        0000
__size_of_main           (abs)        0000
__stringbase             strings      0805
__stringtab              strings      0800
_main                    maintext     0EC7
btemp                    (abs)        007E
end_of_initialization    cinit        07FC
init_fetch0              inittext     0C73
init_ram0                inittext     0C77
intlevel0                functab      0000
intlevel1                functab      0000
intlevel2                functab      0000
intlevel3                functab      0000
intlevel4                functab      0000
intlevel5                functab      0000
main@t                   cstackBANK0  0062
reset_vec                reset_vec    0000
start                    init         0000
start_initialization     cinit        07E9
wtemp0                   (abs)        007E


MODULE INFORMATION

Module		Function		Class		Link	Load	Size
C:\Program Files\Microchip\xc8\v2.32\pic\sources\c90\common\xxtofl.c
		___xxtofl      		CODE           	01F1	0000	186

C:\Program Files\Microchip\xc8\v2.32\pic\sources\c90\common\xxtofl.c estimated size: 186

C:\Program Files\Microchip\xc8\v2.32\pic\sources\c90\common\Umul8_16.c
		__Umul8_16     		CODE           	0C86	0000	39

C:\Program Files\Microchip\xc8\v2.32\pic\sources\c90\common\Umul8_16.c estimated size: 39

lm35_pic16.c
		_LM35ReadTemp  		CODE           	00A8	0000	159

lm35_pic16.c estimated size: 159

C:\Program Files\Microchip\xc8\v2.32\pic\sources\c90\common\awmod.c
		___awmod       		CODE           	0E0A	0000	89

C:\Program Files\Microchip\xc8\v2.32\pic\sources\c90\common\awmod.c estimated size: 89

shared
		__stringtab    		STRING         	0800	0000	6
		__initialization		CODE           	07E9	0000	19

shared estimated size: 25

C:\Program Files\Microchip\xc8\v2.32\pic\sources\c90\common\sprcmul.c
		___flmul       		CODE           	0488	0000	865

C:\Program Files\Microchip\xc8\v2.32\pic\sources\c90\common\sprcmul.c estimated size: 865

lcd_hd44780_pic16.c
		_LCDByte       		CODE           	0D66	0000	77
		_LCDWriteInt   		CODE           	0147	0000	170
		_LCDInit       		CODE           	0E63	0000	100
		_LCDWriteString		CODE           	0F93	0000	109
		_LCDGotoXY     		CODE           	0CAD	0000	53
		_LCDBusyLoop   		CODE           	0DB3	0000	87

lcd_hd44780_pic16.c estimated size: 596

C:\Program Files\Microchip\xc8\v2.32\pic\sources\c90\common\sprcdiv.c
		___fldiv       		CODE           	02AB	0000	477

C:\Program Files\Microchip\xc8\v2.32\pic\sources\c90\common\sprcdiv.c estimated size: 477

C:\Program Files\Microchip\xc8\v2.32\pic\sources\c90\common\lwdiv.c
		___lwdiv       		CODE           	0D22	0000	68

C:\Program Files\Microchip\xc8\v2.32\pic\sources\c90\common\lwdiv.c estimated size: 68

C:\Program Files\Microchip\xc8\v2.32\pic\sources\c90\common\awdiv.c
		___awdiv       		CODE           	0F2C	0000	103

C:\Program Files\Microchip\xc8\v2.32\pic\sources\c90\common\awdiv.c estimated size: 103

main.c
		_main          		CODE           	0EC7	0000	101

main.c estimated size: 101

C:\Program Files\Microchip\xc8\v2.32\pic\sources\c90\common\fltol.c
		___fltol       		CODE           	002E	0000	122

C:\Program Files\Microchip\xc8\v2.32\pic\sources\c90\common\fltol.c estimated size: 122

adc_pic16.c
		_ADCInit       		CODE           	0C61	0000	18
		_ReadADC       		CODE           	0005	0000	41

adc_pic16.c estimated size: 59

